// Jest Snapshot v1, https://goo.gl/fbAQLP

exports[`should render the RequestPasswordResetForm 1`] = `
<form>
  <InputField
    icon="envelope"
    name="email"
    title="Email"
    type="email"
  />
  <Component />
  <Component>
    Continue
  </Component>
</form>
`;
